connect-not-normalized/main.cpp:11:31: warning: Signature is not normalized. Use QVariant instead of const QVariant [-Wclazy-connect-not-normalized]
connect-not-normalized/main.cpp:14:31: warning: Signature is not normalized. Use QVariant instead of const QVariant [-Wclazy-connect-not-normalized]
connect-not-normalized/main.cpp:18:5: warning: Signature is not normalized. Use QVariant& instead of QVariant & [-Wclazy-connect-not-normalized]
connect-not-normalized/main.cpp:20:5: warning: Signature is not normalized. Use QVariant instead of const QVariant & [-Wclazy-connect-not-normalized]
connect-not-normalized/main.cpp:26:19: warning: Signature is not normalized. Use destroyed(int,int) instead of destroyed(int, int)
connect-not-normalized/main.cpp:27:19: warning: Signature is not normalized. Use void foo(int) instead of void foo(const int)
